// Jest Snapshot v1, https://goo.gl/fbAQLP

exports[`Tooltip (Snapshot) Tooltip renders using renderer without crashing 1`] = `
<div
  onMouseEnter={[Function]}
  onMouseLeave={[Function]}
>
  this is a child
</div>
`;
